============================================================
  RoySearch v16.7.1 — SMM Estimation
============================================================
Loading packages... done.
Loading solver modules... done.
Loading SMM modules... done.
Threads available: 15

Estimation window: base_covid
  Window definition (windows.json):  Pre-COVID baseline  ym = 201501..201912  ASEC 2016..2020
  Calibrated σ_w (λ_w = 0.7800):  σ_wU = 0.25921,  σ_wS = 0.24198
  load_weight_matrix: subsetting to 28 / 31 active moments (skipping: ee_step_S, ur_total, wage_premium)
  cond_target == 0.0 → diagonal-σ W = Diagonal(1/σ̂²_samp) from /home/chariag1_ramzi/DMP_labour_market_choice/code/smm/../../data/derived/sampling_var_base_covid.csv
  q_scale (display-only Q divisor) = 1.000000e+00

Loading externally calibrated parameters (r, ν, φ)...
  Loaded nu = 0.00336 from /home/chariag1_ramzi/DMP_labour_market_choice/code/smm/../../data/derived/nu_estimation.csv  (window=base_covid → uses base_covid row)
  Loaded phi = 0.02222 from /home/chariag1_ramzi/DMP_labour_market_choice/code/smm/../../data/derived/phi_calibration.csv
  Calibrated:  r = 0.004167,  ν = 0.00336,  φ = 0.02222

  INIT_MODE = :warmstart — loading prior parameter values from:
    /home/chariag1_ramzi/DMP_labour_market_choice/code/smm/../../output/smm/smm_result_base_covid_diagonalW.jls
    Prior Q = 5.279707e+03  (converged = true)
    Warm-start: matched 25 / 29 parameters from prior run.
    Unmatched (kept at spec default): η, η, σ_w, σ_w

  Baseline mode: all structural + regime params are FREE (29 total)
  Fixed params:  7  |  Free params:  29
  FIX_PARAMS pinned (2): unsk_eta, skl_eta
SMMSpec: fixed override dropped free params: η, η, σ_w, σ_w
SMMSpec: skip_moments zeroed weights for (3): ee_step_S, ur_total, wage_premium

╔══════════════════════════════════════════════════════╗
║  SMM Estimation Specification                        ║
╠══════════════════════════════════════════════════════╣
║  Free parameters (25)                                ║
╠══════════════════════════════════════════════════════╣
  block   name                          lb        ub      init
  ────────────────────────────────────────────────────────
  common  worker type shape a_ℓ     0.1000    8.0000    0.7978
  common  worker type shape b_ℓ     0.0500    4.0000    2.1479
  common  ability correlation ρ_x   -1.0000   -0.1000   -0.9887
  common  training cost coeff c     0.0000   15.0000   12.0291
  common  aggregate production scale A    0.0000   13.0000    6.1917
  unsk    unskilled outside flow b_U    0.0000    2.5000    0.1742
  unsk    training flow b_T         0.0000    7.0000    4.1523
  skl     skilled outside flow b_S    0.0000    2.0000    0.0023
  unsk    unskilled productivity P_U    0.0001    8.0000    5.5265
  skl     skilled productivity P_S    0.0001   20.0000   11.1178
  unsk    unskilled damage shape α_U    0.2000    6.0000    1.8536
  skl     skilled offer shape a_Γ    0.1000   12.0000    1.3404
  skl     skilled offer shape b_Γ    0.1000   10.0000    1.7651
  skl     shock/offer support ratio δ_S    0.0500    1.0000    0.9866
  unsk    unskilled matching eff μ_U    0.0001    2.0000    0.3147
  skl     skilled matching eff μ_S    0.0001    2.0000    0.1926
  unsk    unskilled bargaining β_U    0.0010    0.9000    0.4760
  skl     skilled bargaining β_S    0.0001    0.9000    0.5191
  unsk    unskilled damage rate λ_U    0.0001    0.5500    0.2141
  skl     skilled quality shock λ_S    0.0001    0.5000    0.2220
  unsk    unskilled vacancy cost k_U (months of avg U output)    0.0005   12.0000    1.4770
  skl     skilled vacancy cost k_S (months of avg S output)    0.0005   12.0000    0.8457
  skl     OJS flow cost σ_S         0.0000    1.5000    1.1546
  unsk    unskilled exogenous separation ξ_U    0.0000    0.0200    0.0085
  skl     skilled exogenous separation ξ_S    0.0000    0.0200    0.0037

╠══════════════════════════════════════════════════════╣
║  Fixed parameters (7)                                ║
╠══════════════════════════════════════════════════════╣
  r                    = 0.004167
  ν                    = 0.003357
  φ                    = 0.022221
  unsk_η               = 0.500000
  skl_η                = 0.500000
  unsk_σ_w             = 0.259210
  skl_σ_w              = 0.241981

╠══════════════════════════════════════════════════════╣
║  Active moments (28)                                 ║
╠══════════════════════════════════════════════════════╣
  (Weighting: matrix W — raw deviations g'Wg)
  (Q divided by q_scale = 1.000000e+00 for display)

  moment                      target     W diag wt
  ────────────────────────────────────────────────
  ur_U                        0.0563    3.0188e+07
  ur_S                        0.0247    4.0821e+07
  skilled_share               0.3766    1.1004e+07
  training_share              0.0462    5.3068e+07
  emp_var_U                   0.3054    9.7879e+04
  emp_cm3_U                  -0.0090    1.3563e+05
  emp_var_S                   0.2662    1.3153e+05
  emp_cm3_S                  -0.0434    1.3686e+05
  jfr_U                       0.2964    1.8786e+05
  sep_rate_U                  0.0133    8.4939e+07
  jfr_S                       0.3170    4.3416e+04
  sep_rate_S                  0.0059    1.1368e+08
  ee_rate_S                   0.0085    9.7813e+06
  mean_wage_U                 6.5349    5.7155e+04
  mean_wage_S                 6.9198    8.0948e+04
  p25_wage_U                  6.1707    2.7064e+04
  p25_wage_S                  6.6004    5.1646e+04
  p50_wage_U                  6.5396    3.5213e+04
  p50_wage_S                  6.9213    5.1563e+04
  p75_wage_U                  6.9159    3.2707e+04
  p75_wage_S                  7.2696    4.4911e+04
  theta_U                     0.8151    1.5400e+05
  theta_S                     1.8369    7.3387e+03
  overlap_UgtS                0.2390    5.8431e+04
  overlap_SltU                0.2061    5.6104e+04
  ltu_share_S                 0.2564    1.2115e+05
  wchg_rate_U                 0.2085    2.0069e+06
  wchg_rate_S                 0.2224    1.1504e+06

╠══════════════════════════════════════════════════════╣
║  Skipped moments ( 3, weight = 0)                   ║
╠══════════════════════════════════════════════════════╣
  moment                      target
  ──────────────────────────────────
  ur_total                    0.0444
  wage_premium                0.3849
  ee_step_S                   0.1090

  Grid: Nx=120  Np_U=120  Np_S=120
  λ_w (wage-reliability calibration knob, σ_w = √((1−λ_w)·Var̂[log w])): 0.7800
  SA:  max_iter=20000  T0=0.00  step=0.20  cooling_rate=1.00  cooling_exp=2.00  reheat_patience=400  reheat_factor=4.00  adapt_window=50  target_fin=0.90
  DE:   max_iter=3000  pop_size=200  f=0.70  cr=0.85  patience=3  avg_tol=1.0e-06
  NM:   max_iter=10000  f_tol=1e-03  x_tol=1e-05  g_tol=1e-08  no_improve=4000
  SA:   3 coords/iter, per-coordinate step;  cooling geometric, half-life 5000;  stop ΔQ < 0.05 per 100 iters
  NM:   stop ΔQ < 0.05 per 100 evals, sustained over 300 evals
  W:    diagonal-σ — Diagonal(1/σ̂²_samp) (cond(W)=1.55e+04)
  Q scale (display-only divisor): 1.000000e+00
╚══════════════════════════════════════════════════════╝

Starting SMM optimisation...

Starting SMM  (sa,  25 free params)
  [SA T0 auto]  T0 = 0.4385  (0.0% of Q0 = 5.279707e+03 accepted w.p. 0.30)
  [SA init]  Q0 = 5.279707e+03  T0=0.4385  step range=0.200000  corners=3/25 [common:ρ_x(lower), skl:bS(lower), skl:δ(upper)]
  [SA iter=  100]  curr=5.279707e+03    best=5.279707e+03  T=0.4325  step range=0.066667  acc=0.00  fin=0.94  corners=3/25 [common:ρ_x(lower), skl:bS(lower), skl:δ(upper)]  reheats=0
  [SA iter=  200]  curr=5.279074e+03    best=5.279074e+03  T=0.4266  step range=0.007407‥0.022222  acc=0.04  fin=1.00  corners=3/25 [common:ρ_x(lower), skl:bS(lower), skl:δ(upper)]  reheats=0
  [SA iter=  300]  curr=5.279631e+03    best=5.278364e+03  T=0.4207  step range=0.000823‥0.007407  acc=0.30  fin=0.98  corners=3/25 [common:ρ_x(lower), skl:bS(lower), skl:δ(upper)]  reheats=0
  [SA iter=  400]  curr=5.278884e+03    best=5.277340e+03  T=0.4149  step range=0.000617‥0.011728  acc=0.42  fin=1.00  corners=3/25 [common:ρ_x(lower), skl:bS(lower), skl:δ(upper)]  reheats=0
  [SA iter=  500]  curr=5.274939e+03    best=5.274842e+03  T=0.4092  step range=0.000412‥0.023457  acc=0.62  fin=1.00  corners=3/25 [common:ρ_x(lower), skl:bS(lower), skl:δ(upper)]  reheats=0
  [SA iter=  600]  curr=5.276316e+03    best=5.273986e+03  T=0.4036  step range=0.000235‥0.023457  acc=0.38  fin=1.00  corners=3/25 [common:ρ_x(lower), skl:bS(lower), skl:δ(upper)]  reheats=0
  [SA iter=  700]  curr=5.273336e+03    best=5.273123e+03  T=0.3980  step range=0.000235‥0.023457  acc=0.32  fin=1.00  corners=3/25 [common:ρ_x(lower), skl:bS(lower), skl:δ(upper)]  reheats=0
  [SA iter=  800]  curr=5.268391e+03    best=5.268391e+03  T=0.3925  step range=0.000167‥0.041049  acc=0.60  fin=0.98  corners=3/25 [common:ρ_x(lower), skl:bS(lower), skl:δ(upper)]  reheats=0
  [SA iter=  900]  curr=5.264981e+03    best=5.264789e+03  T=0.3871  step range=0.000261‥0.029388  acc=0.60  fin=0.88  corners=3/25 [common:ρ_x(lower), skl:bS(lower), skl:δ(upper)]  reheats=0
  [SA iter= 1000]  curr=5.262664e+03    best=5.262107e+03  T=0.3818  step range=0.000261‥0.014694  acc=0.50  fin=1.00  corners=3/25 [common:ρ_x(lower), skl:bS(lower), skl:δ(upper)]  reheats=0
  [SA iter= 1100]  curr=5.254997e+03    best=5.254861e+03  T=0.3766  step range=0.000158‥0.023975  acc=0.40  fin=0.98  corners=3/25 [common:ρ_x(lower), skl:bS(lower), skl:δ(upper)]  reheats=0
  [SA iter= 1200]  curr=5.254120e+03    best=5.251506e+03  T=0.3714  step range=0.000090‥0.013194  acc=0.48  fin=1.00  corners=3/25 [common:ρ_x(lower), skl:bS(lower), skl:δ(upper)]  reheats=0
  [SA iter= 1300]  curr=5.245451e+03    best=5.245451e+03  T=0.3663  step range=0.000087‥0.019444  acc=0.52  fin=1.00  corners=3/25 [common:ρ_x(lower), skl:bS(lower), skl:δ(upper)]  reheats=0
  [SA iter= 1400]  curr=5.239749e+03    best=5.239017e+03  T=0.3612  step range=0.000039‥0.019792  acc=0.48  fin=1.00  corners=3/25 [common:ρ_x(lower), skl:bS(lower), skl:δ(upper)]  reheats=0
  [SA iter= 1500]  curr=5.229572e+03    best=5.229396e+03  T=0.3562  step range=0.000059‥0.033230  acc=0.30  fin=0.98  corners=3/25 [common:ρ_x(lower), skl:bS(lower), skl:δ(upper)]  reheats=0
  [SA iter= 1600]  curr=5.228442e+03    best=5.227435e+03  T=0.3513  step range=0.000079‥0.044307  acc=0.48  fin=1.00  corners=3/25 [common:ρ_x(lower), skl:bS(lower), skl:δ(upper)]  reheats=0
  [SA iter= 1700]  curr=5.218440e+03    best=5.218440e+03  T=0.3465  step range=0.000079‥0.049846  acc=0.52  fin=1.00  corners=3/25 [common:ρ_x(lower), skl:bS(lower), skl:δ(upper)]  reheats=0
  [SA iter= 1800]  curr=5.213875e+03    best=5.213875e+03  T=0.3417  step range=0.000112‥0.092994  acc=0.60  fin=0.98  corners=3/25 [common:ρ_x(lower), skl:bS(lower), skl:δ(upper)]  reheats=0
  [SA iter= 1900]  curr=5.206170e+03    best=5.205409e+03  T=0.3370  step range=0.000112‥0.092181  acc=0.58  fin=0.98  corners=2/25 [skl:bS(lower), skl:δ(upper)]  reheats=0
  [SA iter= 2000]  curr=5.190562e+03    best=5.190397e+03  T=0.3324  step range=0.000076‥0.122908  acc=0.68  fin=1.00  corners=2/25 [skl:bS(lower), skl:δ(upper)]  reheats=0
  [SA iter= 2100]  curr=5.165999e+03    best=5.165911e+03  T=0.3278  step range=0.000069‥0.070233  acc=0.40  fin=0.96  corners=1/25 [skl:bS(lower)]  reheats=0
  [SA iter= 2200]  curr=5.154456e+03    best=5.154456e+03  T=0.3233  step range=0.000069‥0.070233  acc=0.42  fin=0.98  corners=1/25 [skl:bS(lower)]  reheats=0
  [SA iter= 2300]  curr=5.113362e+03    best=5.112923e+03  T=0.3188  step range=0.000045‥0.035117  acc=0.42  fin=0.98  corners=1/25 [skl:bS(lower)]  reheats=0
  [SA iter= 2400]  curr=5.102316e+03    best=5.101207e+03  T=0.3145  step range=0.000045‥0.035117  acc=0.32  fin=1.00  corners=1/25 [skl:bS(lower)]  reheats=0
  [SA iter= 2500]  curr=5.073524e+03    best=5.073000e+03  T=0.3101  step range=0.000034‥0.035117  acc=0.46  fin=1.00  corners=1/25 [skl:bS(lower)]  reheats=0
  [SA iter= 2600]  curr=5.043762e+03    best=5.043762e+03  T=0.3059  step range=0.000038‥0.116080  acc=0.50  fin=1.00  corners=1/25 [skl:bS(lower)]  reheats=0
  [SA iter= 2700]  curr=5.028579e+03    best=5.028579e+03  T=0.3016  step range=0.000020‥0.055402  acc=0.36  fin=1.00  corners=1/25 [skl:bS(lower)]  reheats=0
  [SA iter= 2800]  curr=5.018243e+03    best=5.018076e+03  T=0.2975  step range=0.000031‥0.087060  acc=0.32  fin=0.98  corners=1/25 [skl:bS(lower)]  reheats=0
  [SA iter= 2900]  curr=4.998605e+03    best=4.998398e+03  T=0.2934  step range=0.000047‥0.073869  acc=0.48  fin=0.92  corners=1/25 [skl:bS(lower)]  reheats=0
  [SA iter= 3000]  curr=4.996322e+03    best=4.996322e+03  T=0.2894  step range=0.000021‥0.052143  acc=0.30  fin=1.00  corners=1/25 [skl:bS(lower)]  reheats=0
  [SA iter= 3100]  curr=4.994220e+03    best=4.993846e+03  T=0.2854  step range=0.000021‥0.112976  acc=0.50  fin=1.00  corners=1/25 [skl:bS(lower)]  reheats=0
  [SA iter= 3200]  curr=4.988044e+03    best=4.988044e+03  T=0.2814  step range=0.000028‥0.112976  acc=0.62  fin=1.00  corners=1/25 [skl:bS(lower)]  reheats=0
  [SA iter= 3300]  curr=4.986414e+03    best=4.985628e+03  T=0.2776  step range=0.000025‥0.100423  acc=0.46  fin=1.00  corners=1/25 [skl:bS(lower)]  reheats=0
  [SA iter= 3400]  curr=4.978607e+03    best=4.978467e+03  T=0.2737  step range=0.000033‥0.063906  acc=0.46  fin=0.98  corners=1/25 [skl:bS(lower)]  reheats=0
  [SA iter= 3500]  curr=4.971312e+03    best=4.971113e+03  T=0.2700  step range=0.000044‥0.063906  acc=0.54  fin=1.00  corners=1/25 [skl:bS(lower)]  reheats=0
  [SA iter= 3600]  curr=4.965853e+03    best=4.965323e+03  T=0.2663  step range=0.000044‥0.027959  acc=0.46  fin=0.98  corners=0/25  reheats=0
  [SA iter= 3700]  curr=4.965083e+03    best=4.965031e+03  T=0.2626  step range=0.000033‥0.012904  acc=0.50  fin=1.00  corners=0/25  reheats=0
  [SA iter= 3800]  curr=4.964469e+03    best=4.964325e+03  T=0.2590  step range=0.000050‥0.063906  acc=0.56  fin=0.96  corners=0/25  reheats=0
  [SA iter= 3900]  curr=4.964276e+03    best=4.963727e+03  T=0.2554  step range=0.000056‥0.063906  acc=0.70  fin=0.98  corners=0/25  reheats=0
  [SA iter= 4000]  curr=4.962539e+03    best=4.961883e+03  T=0.2519  step range=0.000032‥0.039053  acc=0.48  fin=0.96  corners=0/25  reheats=0
  [SA iter= 4100]  curr=4.963282e+03    best=4.961815e+03  T=0.2484  step range=0.000039‥0.007439  acc=0.56  fin=0.94  corners=0/25  reheats=0
  [SA iter= 4200]  curr=4.961080e+03    best=4.961067e+03  T=0.2450  step range=0.000039‥0.012173  acc=0.52  fin=0.92  corners=0/25  reheats=0
  [SA iter= 4300]  curr=4.959882e+03    best=4.959882e+03  T=0.2416  step range=0.000078‥0.016230  acc=0.54  fin=0.98  corners=0/25  reheats=0
  [SA iter= 4400]  curr=4.960633e+03    best=4.959882e+03  T=0.2383  step range=0.000029‥0.021640  acc=0.44  fin=1.00  corners=0/25  reheats=0
  [SA iter= 4500]  curr=4.960583e+03    best=4.959766e+03  T=0.2350  step range=0.000032‥0.021640  acc=0.52  fin=0.96  corners=0/25  reheats=0
  [SA iter= 4600]  curr=4.959700e+03    best=4.959490e+03  T=0.2318  step range=0.000043‥0.021640  acc=0.44  fin=0.94  corners=0/25  reheats=0
  [SA iter= 4700]  curr=4.960115e+03    best=4.959396e+03  T=0.2286  step range=0.000043‥0.019236  acc=0.36  fin=0.98  corners=0/25  reheats=0
  [SA iter= 4800]  curr=4.960276e+03    best=4.959298e+03  T=0.2255  step range=0.000036‥0.010992  acc=0.32  fin=0.94  corners=0/25  reheats=0
  [SA iter= 4900]  curr=4.959848e+03    best=4.958807e+03  T=0.2224  step range=0.000036‥0.017273  acc=0.72  fin=1.00  corners=0/25  reheats=0
  [SA iter= 5000]  curr=4.959502e+03    best=4.958807e+03  T=0.2193  step range=0.000047‥0.028265  acc=0.36  fin=0.98  corners=0/25  reheats=0
  [SA iter= 5100]  curr=4.959022e+03    best=4.958807e+03  T=0.2163  step range=0.000027‥0.007454  acc=0.44  fin=0.92  corners=0/25  reheats=0
  [SA iter= 5200]  curr=4.959632e+03    best=4.958349e+03  T=0.2133  step range=0.000033‥0.011714  acc=0.40  fin=0.98  corners=0/25  reheats=0
  [SA iter= 5300]  curr=4.959591e+03    best=4.958349e+03  T=0.2104  step range=0.000020‥0.011714  acc=0.58  fin=0.98  corners=0/25  reheats=0
  [SA iter= 5400]  curr=4.958209e+03    best=4.957776e+03  T=0.2075  step range=0.000045‥0.015619  acc=0.42  fin=0.92  corners=0/25  reheats=0
  [SA iter= 5500]  curr=4.957419e+03    best=4.957384e+03  T=0.2046  step range=0.000040‥0.013216  acc=0.44  fin=0.96  corners=0/25  reheats=0
  [SA iter= 5600]  curr=4.957845e+03    best=4.957384e+03  T=0.2018  step range=0.000030‥0.005743  acc=0.58  fin=0.98  corners=0/25  reheats=0
  [SA iter= 5700]  curr=4.957214e+03    best=4.957214e+03  T=0.1990  step range=0.000051‥0.008369  acc=0.58  fin=1.00  corners=0/25  reheats=0
  [SA iter= 5800]  curr=4.956968e+03    best=4.956661e+03  T=0.1963  step range=0.000051‥0.010603  acc=0.44  fin=1.00  corners=0/25  reheats=0
  [SA iter= 5900]  curr=4.956631e+03    best=4.956477e+03  T=0.1936  step range=0.000029‥0.006747  acc=0.30  fin=0.98  corners=0/25  reheats=0
  [SA iter= 6000]  curr=4.957227e+03    best=4.956475e+03  T=0.1909  step range=0.000020‥0.005060  acc=0.48  fin=1.00  corners=0/25  reheats=0
  [SA iter= 6100]  curr=4.956471e+03    best=4.956471e+03  T=0.1883  step range=0.000040‥0.002892  acc=0.42  fin=0.98  corners=0/25  reheats=0
  [SA iter= 6200]  curr=4.956147e+03    best=4.956099e+03  T=0.1857  step range=0.000020‥0.001840  acc=0.36  fin=0.96  corners=0/25  reheats=0
  [SA iter= 6300]  curr=4.955822e+03    best=4.955630e+03  T=0.1831  step range=0.000020‥0.001636  acc=0.46  fin=0.98  corners=0/25  reheats=0
  [SA iter= 6400]  curr=4.956160e+03    best=4.955630e+03  T=0.1806  step range=0.000020‥0.001598  acc=0.42  fin=1.00  corners=0/25  reheats=0
  [SA iter= 6500]  curr=4.956980e+03    best=4.955630e+03  T=0.1781  step range=0.000020‥0.001460  acc=0.62  fin=1.00  corners=0/25  reheats=0
  [SA iter= 6600]  curr=4.955984e+03    best=4.955629e+03  T=0.1757  step range=0.000027‥0.002098  acc=0.62  fin=0.92  corners=0/25  reheats=0
  [SA iter= 6700]  curr=4.955926e+03    best=4.955487e+03  T=0.1732  step range=0.000020‥0.001850  acc=0.52  fin=0.88  corners=0/25  reheats=0
  [SA iter= 6800]  curr=4.955476e+03    best=4.955474e+03  T=0.1709  step range=0.000020‥0.000925  acc=0.20  fin=0.92  corners=0/25  reheats=0
  [SA iter= 6900]  curr=4.955785e+03    best=4.955474e+03  T=0.1685  step range=0.000020‥0.001482  acc=0.76  fin=0.98  corners=0/25  reheats=0
  [SA iter= 7000]  curr=4.955814e+03    best=4.955474e+03  T=0.1662  step range=0.000020‥0.004447  acc=0.40  fin=0.98  corners=0/25  reheats=0
  [SA iter= 7100]  curr=4.955724e+03    best=4.955463e+03  T=0.1639  step range=0.000030‥0.004964  acc=0.70  fin=1.00  corners=0/25  reheats=0
  [SA iter= 7200]  curr=4.955295e+03    best=4.955229e+03  T=0.1616  step range=0.000025‥0.008825  acc=0.50  fin=0.98  corners=0/25  reheats=0
  [SA iter= 7300]  curr=4.955574e+03    best=4.955055e+03  T=0.1594  step range=0.000025‥0.003861  acc=0.46  fin=0.98  corners=0/25  reheats=0
  [SA iter= 7400]  curr=4.954879e+03    best=4.954755e+03  T=0.1572  step range=0.000040‥0.007722  acc=0.54  fin=0.96  corners=0/25  reheats=0
  [SA iter= 7500]  curr=4.955207e+03    best=4.954609e+03  T=0.1551  step range=0.000038‥0.006923  acc=0.50  fin=0.90  corners=0/25  reheats=0
  [SA iter= 7600]  curr=4.955406e+03    best=4.954609e+03  T=0.1529  step range=0.000038‥0.011328  acc=0.60  fin=0.98  corners=0/25  reheats=0
  [SA iter= 7700]  curr=4.955398e+03    best=4.954609e+03  T=0.1508  step range=0.000020‥0.007552  acc=0.42  fin=0.94  corners=0/25  reheats=0
  [SA iter= 7800]  curr=4.954820e+03    best=4.954609e+03  T=0.1487  step range=0.000027‥0.016993  acc=0.48  fin=0.96  corners=0/25  reheats=0
  [SA REHEAT #1  iter= 7805]  T 0.1486→0.5946  in place at Q=4.954663e+03 (best=4.954609e+03)  corners=0/25
  [SA iter= 7900]  curr=4.955748e+03    best=4.954526e+03  T=0.5869  step range=0.000027‥0.026703  acc=0.52  fin=0.92  corners=0/25  reheats=1
  [SA iter= 8000]  curr=4.960635e+03    best=4.954526e+03  T=0.5788  step range=0.000027‥0.052571  acc=0.50  fin=0.88  corners=0/25  reheats=1
  [SA iter= 8100]  curr=4.957541e+03    best=4.954526e+03  T=0.5708  step range=0.000027‥0.022530  acc=0.42  fin=0.94  corners=0/25  reheats=1
  [SA iter= 8200]  curr=4.955513e+03    best=4.954526e+03  T=0.5630  step range=0.000036‥0.022530  acc=0.48  fin=0.84  corners=0/25  reheats=1
  [SA REHEAT #2  iter= 8215]  T 0.5618→2.2472  in place at Q=4.955956e+03 (best=4.954526e+03)  corners=0/25
  [SA iter= 8300]  curr=4.958419e+03    best=4.954526e+03  T=2.2212  step range=0.000106‥0.067591  acc=0.76  fin=0.96  corners=0/25  reheats=2
  [SA iter= 8400]  curr=4.960663e+03    best=4.953492e+03  T=2.1906  step range=0.000178‥0.118284  acc=0.52  fin=0.98  corners=0/25  reheats=2
  [SA iter= 8500]  curr=4.955445e+03    best=4.953492e+03  T=2.1604  step range=0.000244‥0.099057  acc=0.46  fin=0.96  corners=0/25  reheats=2
  [SA iter= 8600]  curr=4.961745e+03    best=4.953492e+03  T=2.1307  step range=0.000189‥0.115870  acc=0.64  fin=1.00  corners=0/25  reheats=2
  [SA iter= 8700]  curr=4.955433e+03    best=4.952881e+03  T=2.1014  step range=0.000272‥0.067591  acc=0.48  fin=0.98  corners=0/25  reheats=2
  [SA iter= 8800]  curr=4.939179e+03    best=4.936657e+03  T=2.0724  step range=0.000306‥0.135182  acc=0.32  fin=0.96  corners=0/25  reheats=2
  [SA iter= 8900]  curr=4.938186e+03    best=4.933591e+03  T=2.0439  step range=0.000092‥0.180243  acc=0.42  fin=0.94  corners=0/25  reheats=2
  [SA iter= 9000]  curr=4.933373e+03    best=4.927815e+03  T=2.0158  step range=0.000046‥0.133791  acc=0.62  fin=1.00  corners=0/25  reheats=2
  [SA iter= 9100]  curr=4.909416e+03    best=4.907476e+03  T=1.9880  step range=0.000046‥0.133791  acc=0.48  fin=0.96  corners=0/25  reheats=2
  [SA iter= 9200]  curr=4.879736e+03    best=4.879350e+03  T=1.9606  step range=0.000098‥0.100343  acc=0.40  fin=0.96  corners=0/25  reheats=2
  [SA iter= 9300]  curr=4.881656e+03    best=4.877256e+03  T=1.9337  step range=0.000056‥0.025749  acc=0.18  fin=0.92  corners=0/25  reheats=2
  [SA iter= 9400]  curr=4.876298e+03    best=4.875507e+03  T=1.9070  step range=0.000075‥0.031267  acc=0.62  fin=0.92  corners=1/25 [common:ρ_x(lower)]  reheats=2
  [SA iter= 9500]  curr=4.867013e+03    best=4.866216e+03  T=1.8808  step range=0.000171‥0.055449  acc=0.54  fin=0.90  corners=0/25  reheats=2
  [SA iter= 9600]  curr=4.853223e+03    best=4.852919e+03  T=1.8549  step range=0.000085‥0.072776  acc=0.50  fin=0.98  corners=0/25  reheats=2
  [SA iter= 9700]  curr=4.850937e+03    best=4.849507e+03  T=1.8293  step range=0.000064‥0.054582  acc=0.42  fin=0.84  corners=0/25  reheats=2
  [SA iter= 9800]  curr=4.838915e+03    best=4.838915e+03  T=1.8042  step range=0.000048‥0.141351  acc=0.54  fin=0.90  corners=0/25  reheats=2
  [SA iter= 9900]  curr=4.837699e+03    best=4.835085e+03  T=1.7793  step range=0.000038‥0.106013  acc=0.54  fin=0.84  corners=0/25  reheats=2
  [SA iter=10000]  curr=4.822237e+03    best=4.819038e+03  T=1.7548  step range=0.000038‥0.166592  acc=0.44  fin=0.92  corners=0/25  reheats=2
  [SA iter=10100]  curr=4.795632e+03    best=4.795183e+03  T=1.7307  step range=0.000045‥0.076889  acc=0.42  fin=0.88  corners=0/25  reheats=2
  [SA iter=10200]  curr=4.773725e+03    best=4.772991e+03  T=1.7068  step range=0.000060‥0.120825  acc=0.74  fin=0.86  corners=0/25  reheats=2
  [SA iter=10300]  curr=4.767434e+03    best=4.767434e+03  T=1.6833  step range=0.000060‥0.076889  acc=0.46  fin=0.94  corners=0/25  reheats=2
  [SA iter=10400]  curr=4.746941e+03    best=4.744848e+03  T=1.6602  step range=0.000104‥0.067278  acc=0.36  fin=0.74  corners=0/25  reheats=2
  [SA iter=10500]  curr=4.737822e+03    best=4.733053e+03  T=1.6373  step range=0.000104‥0.038444  acc=0.64  fin=0.90  corners=0/25  reheats=2
  [SA iter=10600]  curr=4.721654e+03    best=4.721654e+03  T=1.6148  step range=0.000060‥0.021968  acc=0.44  fin=0.78  corners=0/25  reheats=2
  [SA iter=10700]  curr=4.706726e+03    best=4.706726e+03  T=1.5925  step range=0.000057‥0.016476  acc=0.46  fin=0.80  corners=0/25  reheats=2
  [SA iter=10800]  curr=4.692976e+03    best=4.692395e+03  T=1.5706  step range=0.000032‥0.025838  acc=0.34  fin=0.62  corners=0/25  reheats=2
  [SA iter=10900]  curr=4.686206e+03    best=4.686061e+03  T=1.5490  step range=0.000032‥0.019758  acc=0.60  fin=0.86  corners=0/25  reheats=2
  [SA iter=11000]  curr=4.688073e+03    best=4.685290e+03  T=1.5277  step range=0.000062‥0.067743  acc=0.66  fin=0.98  corners=0/25  reheats=2
  [SA iter=11100]  curr=4.688348e+03    best=4.685290e+03  T=1.5066  step range=0.000109‥0.038710  acc=0.44  fin=0.84  corners=0/25  reheats=2
  [SA iter=11200]  curr=4.699724e+03    best=4.685290e+03  T=1.4859  step range=0.000129‥0.103351  acc=0.40  fin=0.86  corners=0/25  reheats=2
  [SA iter=11300]  curr=4.699277e+03    best=4.685290e+03  T=1.4654  step range=0.000139‥0.103351  acc=0.54  fin=0.80  corners=0/25  reheats=2
  [SA REHEAT #3  iter=11302]  T 1.4650→5.8601  in place at Q=4.699277e+03 (best=4.685290e+03)  corners=0/25
  [SA iter=11400]  curr=4.712153e+03    best=4.685290e+03  T=5.7818  step range=0.000091‥0.091867  acc=0.56  fin=0.68  corners=0/25  reheats=3
  [SA iter=11500]  curr=4.697711e+03    best=4.685290e+03  T=5.7022  step range=0.000139‥0.122490  acc=0.66  fin=0.82  corners=0/25  reheats=3
  [SA iter=11600]  curr=4.684591e+03    best=4.682123e+03  T=5.6237  step range=0.000122‥0.192484  acc=0.62  fin=0.80  corners=1/25 [common:ρ_x(lower)]  reheats=3
  [SA iter=11700]  curr=4.692897e+03    best=4.680236e+03  T=5.5463  step range=0.000091‥0.192484  acc=0.58  fin=0.92  corners=0/25  reheats=3
  [SA iter=11800]  curr=4.681581e+03    best=4.679818e+03  T=5.4699  step range=0.000052‥0.109991  acc=0.62  fin=0.90  corners=0/25  reheats=3
  [SA iter=11900]  curr=4.680161e+03    best=4.673051e+03  T=5.3946  step range=0.000104‥0.069994  acc=0.46  fin=0.82  corners=0/25  reheats=3
  [SA iter=12000]  curr=4.681988e+03    best=4.673051e+03  T=5.3204  step range=0.000117‥0.128322  acc=0.50  fin=0.90  corners=0/25  reheats=3
  [SA iter=12100]  curr=4.685815e+03    best=4.673051e+03  T=5.2471  step range=0.000117‥0.224564  acc=0.30  fin=0.72  corners=0/25  reheats=3
  [SA iter=12200]  curr=4.678613e+03    best=4.673051e+03  T=5.1749  step range=0.000117‥0.138193  acc=0.52  fin=0.86  corners=0/25  reheats=3
  [SA iter=12300]  curr=4.674366e+03    best=4.672128e+03  T=5.1036  step range=0.000163‥0.103645  acc=0.60  fin=0.78  corners=1/25 [common:ρ_x(lower)]  reheats=3
  [SA iter=12400]  curr=4.668386e+03    best=4.668048e+03  T=5.0334  step range=0.000217‥0.310935  acc=0.48  fin=0.80  corners=0/25  reheats=3
  [SA iter=12500]  curr=4.662604e+03    best=4.662604e+03  T=4.9641  step range=0.000135‥0.116373  acc=0.36  fin=0.60  corners=0/25  reheats=3
  [SA iter=12600]  curr=4.648956e+03    best=4.644947e+03  T=4.8957  step range=0.000135‥0.065460  acc=0.46  fin=0.78  corners=1/25 [common:ρ_x(lower)]  reheats=3
  [SA iter=12700]  curr=4.661019e+03    best=4.644947e+03  T=4.8283  step range=0.000293‥0.087280  acc=0.56  fin=0.86  corners=1/25 [common:ρ_x(lower)]  reheats=3
  [SA iter=12800]  curr=4.650293e+03    best=4.644947e+03  T=4.7619  step range=0.000218‥0.099749  acc=0.50  fin=0.82  corners=1/25 [common:ρ_x(lower)]  reheats=3
  [SA iter=12900]  curr=4.631804e+03    best=4.622259e+03  T=4.6963  step range=0.000101‥0.099749  acc=0.50  fin=0.74  corners=1/25 [common:ρ_x(lower)]  reheats=3
  [SA iter=13000]  curr=4.613775e+03    best=4.613143e+03  T=4.6317  step range=0.000113‥0.099749  acc=0.60  fin=0.86  corners=1/25 [common:ρ_x(lower)]  reheats=3
  [SA iter=13100]  curr=4.598101e+03    best=4.591347e+03  T=4.5679  step range=0.000151‥0.056999  acc=0.48  fin=0.66  corners=1/25 [common:ρ_x(lower)]  reheats=3
  [SA iter=13200]  curr=4.594309e+03    best=4.573117e+03  T=4.5050  step range=0.000151‥0.107665  acc=0.42  fin=0.78  corners=1/25 [common:ρ_x(lower)]  reheats=3
  [SA iter=13300]  curr=4.577756e+03    best=4.567708e+03  T=4.4430  step range=0.000130‥0.107665  acc=0.50  fin=0.68  corners=1/25 [common:ρ_x(lower)]  reheats=3
  [SA iter=13400]  curr=4.575102e+03    best=4.561055e+03  T=4.3818  step range=0.000260‥0.205542  acc=0.70  fin=0.92  corners=1/25 [common:ρ_x(lower)]  reheats=3
  [SA iter=13500]  curr=4.569108e+03    best=4.561055e+03  T=4.3215  step range=0.000197‥0.092140  acc=0.28  fin=0.54  corners=1/25 [common:ρ_x(lower)]  reheats=3
  [SA iter=13600]  curr=4.572725e+03    best=4.561055e+03  T=4.2620  step range=0.000183‥0.092140  acc=0.54  fin=0.68  corners=1/25 [common:ρ_x(lower)]  reheats=3
  [SA iter=13700]  curr=4.564515e+03    best=4.557129e+03  T=4.2033  step range=0.000196‥0.161245  acc=0.70  fin=0.84  corners=1/25 [common:ρ_x(lower)]  reheats=3
  [SA iter=13800]  curr=4.548398e+03    best=4.544743e+03  T=4.1454  step range=0.000262‥0.483734  acc=0.48  fin=0.78  corners=1/25 [common:ρ_x(lower)]  reheats=3
  [SA iter=13900]  curr=4.549193e+03    best=4.542246e+03  T=4.0884  step range=0.000262‥0.362800  acc=0.46  fin=0.78  corners=1/25 [common:ρ_x(lower)]  reheats=3
  [SA iter=14000]  curr=4.530033e+03    best=4.529811e+03  T=4.0321  step range=0.000129‥0.476175  acc=0.44  fin=0.76  corners=0/25  reheats=3
  [SA iter=14100]  curr=4.528177e+03    best=4.528145e+03  T=3.9766  step range=0.000115‥0.277769  acc=0.34  fin=0.68  corners=0/25  reheats=3
  [SA iter=14200]  curr=4.529983e+03    best=4.519700e+03  T=3.9218  step range=0.000201‥0.208327  acc=0.58  fin=0.84  corners=0/25  reheats=3
  [SA iter=14300]  curr=4.523597e+03    best=4.519700e+03  T=3.8678  step range=0.000162‥0.193009  acc=0.56  fin=0.76  corners=0/25  reheats=3
  [SA iter=14400]  curr=4.515815e+03    best=4.509093e+03  T=3.8146  step range=0.000307‥0.193009  acc=0.42  fin=0.78  corners=0/25  reheats=3
  [SA iter=14500]  curr=4.507750e+03    best=4.506377e+03  T=3.7621  step range=0.000200‥0.096504  acc=0.58  fin=0.84  corners=0/25  reheats=3
  [SA iter=14600]  curr=4.506664e+03    best=4.505370e+03  T=3.7103  step range=0.000147‥0.108567  acc=0.62  fin=0.88  corners=0/25  reheats=3
  [SA iter=14700]  curr=4.492224e+03    best=4.489043e+03  T=3.6592  step range=0.000068‥0.124077  acc=0.44  fin=0.68  corners=0/25  reheats=3
  [SA iter=14800]  curr=4.502479e+03    best=4.486457e+03  T=3.6088  step range=0.000068‥0.124077  acc=0.40  fin=0.76  corners=0/25  reheats=3
  [SA iter=14900]  curr=4.485805e+03    best=4.484184e+03  T=3.5591  step range=0.000020‥0.050759  acc=0.42  fin=0.62  corners=0/25  reheats=3
  [SA iter=15000]  curr=4.476800e+03    best=4.476800e+03  T=3.5101  step range=0.000033‥0.088828  acc=0.54  fin=0.76  corners=0/25  reheats=3
  [SA iter=15100]  curr=4.472138e+03    best=4.470677e+03  T=3.4618  step range=0.000038‥0.040997  acc=0.30  fin=0.52  corners=0/25  reheats=3
  [SA iter=15200]  curr=4.480384e+03    best=4.470677e+03  T=3.4142  step range=0.000060‥0.026355  acc=0.46  fin=0.68  corners=0/25  reheats=3
  [SA iter=15300]  curr=4.474281e+03    best=4.470677e+03  T=3.3671  step range=0.000039‥0.017570  acc=0.58  fin=0.80  corners=0/25  reheats=3
  [SA iter=15400]  curr=4.475438e+03    best=4.470228e+03  T=3.3208  step range=0.000040‥0.030748  acc=0.60  fin=0.94  corners=0/25  reheats=3
  [SA iter=15500]  curr=4.480878e+03    best=4.470228e+03  T=3.2751  step range=0.000083‥0.210844  acc=0.52  fin=0.78  corners=0/25  reheats=3
  [SA iter=15600]  curr=4.487661e+03    best=4.470228e+03  T=3.2300  step range=0.000028‥0.210844  acc=0.42  fin=0.66  corners=0/25  reheats=3
  [SA iter=15700]  curr=4.486513e+03    best=4.470228e+03  T=3.1855  step range=0.000031‥0.158133  acc=0.48  fin=0.84  corners=0/25  reheats=3
  [SA REHEAT #4  iter=15732]  T 3.1714→12.6857  in place at Q=4.484696e+03 (best=4.470228e+03)  corners=0/25
  [SA iter=15800]  curr=4.509895e+03    best=4.470228e+03  T=12.5684  step range=0.000073‥0.237199  acc=0.56  fin=0.82  corners=0/25  reheats=4
  [SA iter=15900]  curr=4.503023e+03    best=4.470228e+03  T=12.3953  step range=0.000065‥0.100630  acc=0.34  fin=0.50  corners=0/25  reheats=4
  [SA iter=16000]  curr=4.475210e+03    best=4.470228e+03  T=12.2247  step range=0.000065‥0.075473  acc=0.70  fin=0.84  corners=0/25  reheats=4
  [SA iter=16100]  curr=4.524153e+03    best=4.470228e+03  T=12.0564  step range=0.000113‥0.194072  acc=0.48  fin=0.66  corners=0/25  reheats=4
  [SA REHEAT #5  iter=16132]  T 12.0030→48.0121  in place at Q=4.528260e+03 (best=4.470228e+03)  corners=0/25
  [SA iter=16200]  curr=4.665631e+03    best=4.470228e+03  T=47.5683  step range=0.000068‥0.040945  acc=0.44  fin=0.56  corners=0/25  reheats=5
  [SA iter=16300]  curr=4.537948e+03    best=4.470228e+03  T=46.9134  step range=0.000068‥0.116443  acc=0.48  fin=0.66  corners=0/25  reheats=5
  [SA iter=16400]  curr=4.551086e+03    best=4.470228e+03  T=46.2675  step range=0.000031‥0.061488  acc=0.40  fin=0.70  corners=0/25  reheats=5
  [SA iter=16500]  curr=4.534704e+03    best=4.470228e+03  T=45.6305  step range=0.000059‥0.084838  acc=0.48  fin=0.62  corners=0/25  reheats=5
  [SA REHEAT #6  iter=16532]  T 45.4285→181.7142  in place at Q=4.602802e+03 (best=4.470228e+03)  corners=0/25
  [SA iter=16600]  curr=4.778660e+03    best=4.470228e+03  T=180.0342  step range=0.000103‥0.084838  acc=0.62  fin=0.76  corners=0/25  reheats=6
  [SA iter=16700]  curr=4.832593e+03    best=4.470228e+03  T=177.5556  step range=0.000309‥0.137237  acc=0.56  fin=0.74  corners=0/25  reheats=6
  [SA iter=16800]  curr=4.991327e+03    best=4.470228e+03  T=175.1111  step range=0.000221‥0.259225  acc=0.46  fin=0.60  corners=0/25  reheats=6
  [SA iter=16900]  curr=5.226557e+03    best=4.470228e+03  T=172.7003  step range=0.000221‥0.148129  acc=0.48  fin=0.64  corners=0/25  reheats=6
  [SA REHEAT #7  iter=16932]  T 171.9359→687.7436  in place at Q=5.047014e+03 (best=4.470228e+03)  corners=0/25
  [SA iter=17000]  curr=5.353807e+03    best=4.470228e+03  T=681.3853  step range=0.000158‥0.395010  acc=0.64  fin=0.70  corners=0/25  reheats=7
  [SA iter=17100]  curr=5.288985e+03    best=4.470228e+03  T=672.0045  step range=0.000421‥0.965579  acc=0.62  fin=0.78  corners=0/25  reheats=7
  [SA iter=17200]  curr=5.743396e+03    best=4.470228e+03  T=662.7528  step range=0.000517‥1.287439  acc=0.58  fin=0.72  corners=0/25  reheats=7
  [SA iter=17300]  curr=6.854798e+03    best=4.470228e+03  T=653.6285  step range=0.000517‥0.965579  acc=0.50  fin=0.68  corners=0/25  reheats=7
  [SA REHEAT #8  iter=17332]  T 650.7353→2602.9413  in place at Q=4.470228e+03 (best=4.470228e+03)  corners=0/25
  [SA iter=17400]  curr=8.240467e+03    best=4.470228e+03  T=2578.8767  step range=0.000477‥2.000000  acc=0.60  fin=0.70  corners=0/25  reheats=8
  [SA iter=17500]  curr=1.019640e+04    best=4.470228e+03  T=2543.3725  step range=0.000477‥2.000000  acc=0.56  fin=0.70  corners=0/25  reheats=8
  [SA iter=17600]  curr=1.103079e+04    best=4.470228e+03  T=2508.3572  step range=0.000499‥2.000000  acc=0.48  fin=0.64  corners=0/25  reheats=8
  [SA iter=17700]  curr=1.519780e+04    best=4.470228e+03  T=2473.8239  step range=0.000210‥1.909091  acc=0.46  fin=0.68  corners=0/25  reheats=8
  [SA EARLY STOP  iter=17732]  reheats exhausted, no improvement for 400 steps, Q_best=4.470228e+03  corners=0/25
  [SA done]  Q_best=4.470228e+03  accepted 8801/17732  finite 15522/17732  corners=0/25  reheats=8

SMM complete:  Q=4.470228e+03  converged=true (sa-stop)  iters=17732

╔══════════════════════════════════════════════════════╗
║  SMM Estimates                                       ║
╠══════════════════════════════════════════════════════╣
  block   parameter                 estimate
  ------------------------------------------
  common  worker type shape a_ℓ      0.83970
  common  worker type shape b_ℓ      2.15470
  common  ability correlation ρ_x    -0.96719
  common  training cost coeff c     12.02434
  common  aggregate production scale A     6.14430
  unsk    unskilled outside flow b_U     0.17551
  unsk    training flow b_T          4.16996
  skl     skilled outside flow b_S     0.14468
  unsk    unskilled productivity P_U     5.64811
  skl     skilled productivity P_S    11.15887
  unsk    unskilled damage shape α_U     1.89222
  skl     skilled offer shape a_Γ     1.37882
  skl     skilled offer shape b_Γ     1.66443
  skl     shock/offer support ratio δ_S     0.94200
  unsk    unskilled matching eff μ_U     0.31859
  skl     skilled matching eff μ_S     0.20284
  unsk    unskilled bargaining β_U     0.46875
  skl     skilled bargaining β_S     0.54437
  unsk    unskilled damage rate λ_U     0.21196
  skl     skilled quality shock λ_S     0.21774
  unsk    unskilled vacancy cost k_U (months of avg U output)     1.52635
  skl     skilled vacancy cost k_S (months of avg S output)     0.75904
  skl     OJS flow cost σ_S          0.78957
  unsk    unskilled exogenous separation ξ_U     0.00931
  skl     skilled exogenous separation ξ_S     0.00395

  Fixed:
    r                            0.00417
    ν                            0.00336
    φ                            0.02222
    unsk_η                       0.50000
    skl_η                        0.50000
    unsk_σ_w                     0.25921
    skl_σ_w                      0.24198

  Q = 4.47022824e+03  |  converged = true (sa-stop)  |  iters = 17732
╚══════════════════════════════════════════════════════╝


Starting SMM  (neldermead,  25 free params)
  [NM simplex]  25/25 coordinates admit a step within ΔQ<1 (cap 0.2)
  [neldermead iter  100]  Q=4.469174e+03    best=4.458649e+03  corners=0/25
  [neldermead iter  200]  Q=4.459273e+03    best=4.451807e+03  corners=0/25
  [neldermead iter  300]  Q=4.457691e+03    best=4.451807e+03  corners=0/25
  [neldermead iter  400]  Q=4.455633e+03    best=4.451160e+03  corners=0/25
  [neldermead iter  500]  Q=4.450898e+03    best=4.447698e+03  corners=0/25
  [neldermead iter  600]  Q=4.448294e+03    best=4.447698e+03  corners=0/25
  [neldermead iter  700]  Q=4.448764e+03    best=4.447459e+03  corners=0/25
  [neldermead iter  800]  Q=Inf             best=4.446864e+03  corners=0/25
  [neldermead iter  900]  Q=4.447072e+03    best=4.446864e+03  corners=0/25
  [neldermead iter 1000]  Q=4.447839e+03    best=4.446864e+03  corners=0/25
  [neldermead iter 1100]  Q=4.447039e+03    best=4.446864e+03  corners=0/25
  [neldermead iter 1200]  Q=4.447385e+03    best=4.446864e+03  corners=0/25
  [neldermead iter 1300]  Q=4.447448e+03    best=4.446864e+03  corners=0/25
  [neldermead iter 1400]  Q=Inf             best=4.446864e+03  corners=0/25
  [neldermead iter 1500]  Q=Inf             best=4.446864e+03  corners=0/25
  [neldermead iter 1600]  Q=4.447397e+03    best=4.446864e+03  corners=0/25
  [neldermead iter 1700]  Q=4.447289e+03    best=4.446864e+03  corners=0/25
  [neldermead iter 1800]  Q=4.447569e+03    best=4.446864e+03  corners=0/25
  [neldermead iter 1900]  Q=4.447234e+03    best=4.446864e+03  corners=0/25
  [neldermead iter 2000]  Q=4.446861e+03    best=4.446779e+03  corners=0/25
  [neldermead iter 2100]  Q=4.447006e+03    best=4.446779e+03  corners=0/25
  [neldermead iter 2200]  Q=4.446630e+03    best=4.446615e+03  corners=0/25
  [neldermead iter 2300]  Q=4.446265e+03    best=4.446254e+03  corners=0/25
  [neldermead iter 2400]  Q=4.445691e+03    best=4.445691e+03  corners=0/25
  [neldermead iter 2500]  Q=4.444923e+03    best=4.444923e+03  corners=0/25
  [neldermead iter 2600]  Q=4.443869e+03    best=4.443869e+03  corners=0/25
  [neldermead iter 2700]  Q=4.443121e+03    best=4.443121e+03  corners=0/25
  [neldermead iter 2800]  Q=4.442629e+03    best=4.442629e+03  corners=0/25
  [neldermead iter 2900]  Q=Inf             best=4.442480e+03  corners=0/25
  [neldermead iter 3000]  Q=4.442330e+03    best=4.442330e+03  corners=0/25
  [neldermead iter 3100]  Q=4.442108e+03    best=4.442108e+03  corners=0/25
  [neldermead iter 3200]  Q=4.441959e+03    best=4.441959e+03  corners=0/25
  [neldermead iter 3300]  Q=4.441729e+03    best=4.441729e+03  corners=0/25
  [neldermead iter 3400]  Q=Inf             best=4.441585e+03  corners=0/25
  [neldermead iter 3500]  Q=4.441399e+03    best=4.441399e+03  corners=0/25
  [neldermead iter 3600]  Q=4.441216e+03    best=4.441214e+03  corners=0/25
  [neldermead iter 3700]  Q=4.440991e+03    best=4.440991e+03  corners=0/25
  [neldermead iter 3800]  Q=4.440743e+03    best=4.440743e+03  corners=0/25
  [neldermead iter 3900]  Q=Inf             best=4.440513e+03  corners=0/25
  [neldermead iter 4000]  Q=4.440294e+03    best=4.440288e+03  corners=0/25
  [neldermead iter 4100]  Q=4.440017e+03    best=4.440017e+03  corners=0/25
  [neldermead iter 4200]  Q=4.439783e+03    best=4.439783e+03  corners=0/25
  [neldermead iter 4300]  Q=4.439834e+03    best=4.439738e+03  corners=0/25
  [neldermead iter 4400]  Q=4.439795e+03    best=4.439738e+03  corners=0/25
  [neldermead iter 4500]  Q=4.439662e+03    best=4.439662e+03  corners=0/25
  [neldermead iter 4600]  Q=4.439539e+03    best=4.439539e+03  corners=0/25
  [neldermead iter 4700]  Q=4.439435e+03    best=4.439435e+03  corners=0/25
  [neldermead iter 4800]  Q=4.439311e+03    best=4.439306e+03  corners=0/25
  [neldermead iter 4900]  Q=4.439136e+03    best=4.439136e+03  corners=0/25
  [neldermead iter 5000]  Q=4.439059e+03    best=4.439003e+03  corners=0/25
  [neldermead iter 5100]  Q=4.438866e+03    best=4.438865e+03  corners=0/25
  [neldermead iter 5200]  Q=4.438735e+03    best=4.438735e+03  corners=0/25
  [neldermead iter 5300]  Q=4.438585e+03    best=4.438585e+03  corners=0/25
  [neldermead iter 5400]  Q=4.438510e+03    best=4.438455e+03  corners=0/25
  [neldermead iter 5500]  Q=4.438307e+03    best=4.438307e+03  corners=0/25
  [neldermead iter 5600]  Q=4.438115e+03    best=4.438113e+03  corners=0/25
  [neldermead iter 5700]  Q=4.437867e+03    best=4.437862e+03  corners=0/25
  [neldermead iter 5800]  Q=4.437542e+03    best=4.437542e+03  corners=0/25
  [neldermead iter 5900]  Q=4.437349e+03    best=4.437222e+03  corners=0/25
  [neldermead iter 6000]  Q=4.436815e+03    best=4.436815e+03  corners=0/25
  [neldermead iter 6100]  Q=4.436273e+03    best=4.436273e+03  corners=0/25
  [neldermead iter 6200]  Q=4.435663e+03    best=4.435663e+03  corners=0/25
  [neldermead iter 6300]  Q=4.435032e+03    best=4.435029e+03  corners=0/25
  [neldermead iter 6400]  Q=4.434375e+03    best=4.434375e+03  corners=0/25
  [neldermead iter 6500]  Q=4.433933e+03    best=4.433915e+03  corners=0/25
  [neldermead iter 6600]  Q=4.433633e+03    best=4.433630e+03  corners=0/25
  [neldermead iter 6700]  Q=4.433325e+03    best=4.433324e+03  corners=0/25
  [neldermead iter 6800]  Q=4.433060e+03    best=4.433034e+03  corners=0/25
  [neldermead iter 6900]  Q=4.432854e+03    best=4.432854e+03  corners=0/25
  [neldermead iter 7000]  Q=4.432466e+03    best=4.432466e+03  corners=0/25
  [neldermead iter 7100]  Q=4.432002e+03    best=4.432002e+03  corners=0/25
  [neldermead iter 7200]  Q=4.431456e+03    best=4.431455e+03  corners=0/25
  [neldermead iter 7300]  Q=Inf             best=4.430861e+03  corners=0/25
  [neldermead iter 7400]  Q=4.430489e+03    best=4.430297e+03  corners=0/25
  [neldermead iter 7500]  Q=4.430129e+03    best=4.430036e+03  corners=0/25
  [neldermead iter 7600]  Q=4.430058e+03    best=4.430036e+03  corners=0/25
  [neldermead iter 7700]  Q=Inf             best=4.430036e+03  corners=0/25
  [neldermead iter 7800]  Q=4.430116e+03    best=4.430036e+03  corners=0/25
  [neldermead iter 7900]  Q=4.430064e+03    best=4.430036e+03  corners=0/25
  [neldermead iter 8000]  Q=4.430040e+03    best=4.430036e+03  corners=0/25
  [neldermead iter 8100]  Q=4.429945e+03    best=4.429945e+03  corners=0/25
  [neldermead iter 8200]  Q=4.429758e+03    best=4.429758e+03  corners=0/25
  [neldermead iter 8300]  Q=Inf             best=4.429540e+03  corners=0/25
  [neldermead iter 8400]  Q=4.429444e+03    best=4.429396e+03  corners=0/25
  [neldermead iter 8500]  Q=4.429447e+03    best=4.429396e+03  corners=0/25
  [neldermead iter 8600]  Q=4.429372e+03    best=4.429372e+03  corners=0/25
  [neldermead iter 8700]  Q=4.429243e+03    best=4.429243e+03  corners=0/25
  [neldermead iter 8800]  Q=4.429054e+03    best=4.429054e+03  corners=0/25
  [neldermead iter 8900]  Q=4.428801e+03    best=4.428801e+03  corners=0/25
  [neldermead iter 9000]  Q=4.428626e+03    best=4.428626e+03  corners=0/25
  [neldermead iter 9100]  Q=4.428500e+03    best=4.428500e+03  corners=0/25
  [neldermead iter 9200]  Q=4.428325e+03    best=4.428325e+03  corners=0/25
  [neldermead iter 9300]  Q=4.428180e+03    best=4.428180e+03  corners=0/25
  [neldermead iter 9400]  Q=Inf             best=4.427991e+03  corners=0/25
  [neldermead iter 9500]  Q=4.427834e+03    best=4.427834e+03  corners=0/25
  [neldermead iter 9600]  Q=4.427769e+03    best=4.427720e+03  corners=0/25
  [neldermead iter 9700]  Q=4.427597e+03    best=4.427597e+03  corners=0/25
  [neldermead iter 9800]  Q=4.427439e+03    best=4.427439e+03  corners=0/25
  [neldermead iter 9900]  Q=4.427269e+03    best=4.427265e+03  corners=0/25
  [neldermead iter 10000]  Q=4.427140e+03    best=4.427140e+03  corners=0/25
  [neldermead iter 10100]  Q=4.426965e+03    best=4.426964e+03  corners=0/25
  [neldermead iter 10200]  Q=4.426774e+03    best=4.426774e+03  corners=0/25
  [neldermead iter 10300]  Q=4.426685e+03    best=4.426626e+03  corners=0/25
  [neldermead iter 10400]  Q=4.426648e+03    best=4.426587e+03  corners=0/25
  [neldermead iter 10500]  Q=Inf             best=4.426462e+03  corners=0/25
  [neldermead iter 10600]  Q=4.426366e+03    best=4.426366e+03  corners=0/25
  [neldermead iter 10700]  Q=4.426375e+03    best=4.426344e+03  corners=0/25
  [neldermead iter 10800]  Q=4.426357e+03    best=4.426344e+03  corners=0/25
  [neldermead iter 10900]  Q=4.426295e+03    best=4.426293e+03  corners=0/25
  [neldermead iter 11000]  Q=4.426291e+03    best=4.426262e+03  corners=0/25
  [neldermead iter 11100]  Q=4.426252e+03    best=4.426250e+03  corners=0/25
  [neldermead iter 11200]  Q=4.426205e+03    best=4.426205e+03  corners=0/25
  [neldermead iter 11300]  Q=4.426177e+03    best=4.426175e+03  corners=0/25
  [neldermead iter 11400]  Q=4.426158e+03    best=4.426158e+03  corners=0/25
  [neldermead iter 11500]  Q=4.426157e+03    best=4.426148e+03  corners=0/25
  [neldermead iter 11600]  Q=4.426128e+03    best=4.426128e+03  corners=0/25
  [neldermead iter 11700]  Q=4.426096e+03    best=4.426096e+03  corners=0/25
  [neldermead iter 11800]  Q=4.426057e+03    best=4.426057e+03  corners=0/25
  [neldermead iter 11900]  Q=4.426006e+03    best=4.426006e+03  corners=0/25
  [neldermead iter 12000]  Q=4.425986e+03    best=4.425986e+03  corners=0/25
  [neldermead iter 12100]  Q=4.425933e+03    best=4.425933e+03  corners=0/25
  [neldermead iter 12200]  Q=4.425867e+03    best=4.425867e+03  corners=0/25
  [neldermead iter 12300]  Q=4.425828e+03    best=4.425828e+03  corners=0/25
  [neldermead iter 12400]  Q=4.425804e+03    best=4.425786e+03  corners=0/25
  [neldermead iter 12500]  Q=4.425742e+03    best=4.425742e+03  corners=0/25
  [neldermead iter 12600]  Q=4.425690e+03    best=4.425690e+03  corners=0/25
  [neldermead iter 12700]  Q=4.425625e+03    best=4.425625e+03  corners=0/25
  [neldermead iter 12800]  Q=4.425564e+03    best=4.425563e+03  corners=0/25
  [neldermead iter 12900]  Q=4.425495e+03    best=4.425495e+03  corners=0/25
  [neldermead iter 13000]  Q=4.425439e+03    best=4.425439e+03  corners=0/25
  [neldermead iter 13100]  Q=4.425395e+03    best=4.425394e+03  corners=0/25
  [neldermead iter 13200]  Q=4.425374e+03    best=4.425373e+03  corners=0/25
  [neldermead iter 13300]  Q=Inf             best=4.425367e+03  corners=0/25
  [neldermead iter 13400]  Q=4.425359e+03    best=4.425359e+03  corners=0/25
  [neldermead iter 13500]  Q=4.425344e+03    best=4.425343e+03  corners=0/25
  [neldermead iter 13600]  Q=4.425324e+03    best=4.425324e+03  corners=0/25
  [neldermead iter 13700]  Q=4.425308e+03    best=4.425308e+03  corners=0/25
  [neldermead iter 13800]  Q=4.425285e+03    best=4.425285e+03  corners=0/25
  [neldermead EARLY STOP  iter 13812]  ΔQ < 0.05 per 100 evals over 300 evals  best=4.425282e+03  corners=0/25

SMM complete:  Q=4.425282e+03  converged=true (rate)  iters=6491

╔══════════════════════════════════════════════════════╗
║  SMM Estimates                                       ║
╠══════════════════════════════════════════════════════╣
  block   parameter                 estimate
  ------------------------------------------
  common  worker type shape a_ℓ      0.84252
  common  worker type shape b_ℓ      2.16004
  common  ability correlation ρ_x    -0.97423
  common  training cost coeff c     12.02103
  common  aggregate production scale A     6.14628
  unsk    unskilled outside flow b_U     0.17429
  unsk    training flow b_T          4.13664
  skl     skilled outside flow b_S     0.15296
  unsk    unskilled productivity P_U     5.59496
  skl     skilled productivity P_S    11.04132
  unsk    unskilled damage shape α_U     1.87731
  skl     skilled offer shape a_Γ     1.41225
  skl     skilled offer shape b_Γ     1.67581
  skl     shock/offer support ratio δ_S     0.94274
  unsk    unskilled matching eff μ_U     0.31676
  skl     skilled matching eff μ_S     0.19961
  unsk    unskilled bargaining β_U     0.47086
  skl     skilled bargaining β_S     0.54604
  unsk    unskilled damage rate λ_U     0.21171
  skl     skilled quality shock λ_S     0.22027
  unsk    unskilled vacancy cost k_U (months of avg U output)     1.52306
  skl     skilled vacancy cost k_S (months of avg S output)     0.74531
  skl     OJS flow cost σ_S          0.75343
  unsk    unskilled exogenous separation ξ_U     0.00917
  skl     skilled exogenous separation ξ_S     0.00391

  Fixed:
    r                            0.00417
    ν                            0.00336
    φ                            0.02222
    unsk_η                       0.50000
    skl_η                        0.50000
    unsk_σ_w                     0.25921
    skl_σ_w                      0.24198

  Q = 4.42528159e+03  |  converged = true (rate)  |  iters = 6491
╚══════════════════════════════════════════════════════╝

Results saved to: /home/chariag1_ramzi/DMP_labour_market_choice/code/smm/../../output/tables/smm_estimates_base_covid_diagonalW.csv
Serialized SMM result → /home/chariag1_ramzi/DMP_labour_market_choice/code/smm/../../output/smm/smm_result_base_covid_diagonalW.jls

Done.
