============================================================
  RoySearch v15.7 — SMM Estimation
============================================================
Loading packages... done.
Loading solver modules... done.
Loading SMM modules... done.
Threads available: 2

Estimation window: base_covid
  Window definition (windows.json):  Pre-COVID baseline  ym = 201501..201912  ASEC 2016..2020
  Calibrated σ_w (λ_w = 0.7800):  σ_wU = 0.25921,  σ_wS = 0.24198
  load_weight_matrix: subsetting to 28 / 31 active moments (skipping: ee_step_S, ur_total, wage_premium)
  cond_target == 0.0 → diagonal-σ W = Diagonal(1/σ̂²_samp) from /Users/ramzi.chariag/Documents/CEU/PhD/Research/Search and matching/code/smm/../../data/derived/sampling_var_base_covid.csv
  q_scale (display-only Q divisor) = 1.000000e+00

Loading externally calibrated parameters (r, ν, φ)...
  Loaded nu = 0.00336 from /Users/ramzi.chariag/Documents/CEU/PhD/Research/Search and matching/code/smm/../../data/derived/nu_estimation.csv  (window=base_covid → uses base_covid row)
  Loaded phi = 0.02222 from /Users/ramzi.chariag/Documents/CEU/PhD/Research/Search and matching/code/smm/../../data/derived/phi_calibration.csv
  Calibrated:  r = 0.004167,  ν = 0.00336,  φ = 0.02222

  INIT_MODE = :warmstart — loading prior parameter values from:
    /Users/ramzi.chariag/Documents/CEU/PhD/Research/Search and matching/code/smm/../../output/smm/smm_result_base_covid_diagonalW.jls
    Prior Q = 5.279707e+03  (converged = true)
    Warm-start: matched 25 / 29 parameters from prior run.

  Baseline mode: all structural + regime params are FREE (29 total)
  Fixed params:  7  |  Free params:  29
  FIX_PARAMS pinned (2): unsk_eta, skl_eta
SMMSpec: fixed override dropped free params: η, η, σ_w, σ_w
SMMSpec: skip_moments zeroed weights for (3): ee_step_S, ur_total, wage_premium

╔══════════════════════════════════════════════════════╗
║  SMM Estimation Specification                        ║
╠══════════════════════════════════════════════════════╣
║  Free parameters (25)                                ║
╠══════════════════════════════════════════════════════╣
  block   name                          lb        ub      init
  ────────────────────────────────────────────────────────
  common  worker type shape a_ℓ     0.1000    8.0000    0.7978
  common  worker type shape b_ℓ     0.0500    4.0000    2.1479
  common  ability correlation ρ_x   -0.9900   -0.1000   -0.9887
  common  training cost coeff c     0.0000   15.0000   12.0291
  common  aggregate production scale A    0.0000   13.0000    6.1917
  unsk    unskilled outside flow b_U    0.0000    2.5000    0.1742
  unsk    training flow b_T         0.0000    7.0000    4.1523
  skl     skilled outside flow b_S    0.0000    2.0000    0.0023
  unsk    unskilled productivity P_U    0.0001    8.0000    5.5265
  skl     skilled productivity P_S    0.0001   20.0000   11.1178
  unsk    unskilled damage shape α_U    0.2000    6.0000    1.8536
  skl     skilled offer shape a_Γ    0.1000   12.0000    1.3404
  skl     skilled offer shape b_Γ    0.1000   10.0000    1.7651
  skl     shock/offer support ratio δ_S    0.0500    1.0000    0.9866
  unsk    unskilled matching eff μ_U    0.0001    2.0000    0.3147
  skl     skilled matching eff μ_S    0.0001    2.0000    0.1926
  unsk    unskilled bargaining β_U    0.0010    0.9000    0.4760
  skl     skilled bargaining β_S    0.0001    0.9000    0.5191
  unsk    unskilled damage rate λ_U    0.0001    0.5500    0.2141
  skl     skilled quality shock λ_S    0.0001    0.5000    0.2220
  unsk    unskilled vacancy cost k_U (months of avg U output)    0.0005   12.0000    1.4770
  skl     skilled vacancy cost k_S (months of avg S output)    0.0005   12.0000    0.8457
  skl     OJS flow cost σ_S         0.0000    1.5000    1.1546
  unsk    unskilled exogenous separation ξ_U    0.0000    0.0200    0.0085
  skl     skilled exogenous separation ξ_S    0.0000    0.0200    0.0037

╠══════════════════════════════════════════════════════╣
║  Fixed parameters (7)                                ║
╠══════════════════════════════════════════════════════╣
  r                    = 0.004167
  ν                    = 0.003357
  φ                    = 0.022221
  unsk_η               = 0.500000
  skl_η                = 0.500000
  unsk_σ_w             = 0.259210
  skl_σ_w              = 0.241981

╠══════════════════════════════════════════════════════╣
║  Active moments (28)                                 ║
╠══════════════════════════════════════════════════════╣
  (Weighting: matrix W — raw deviations g'Wg)
  (Q divided by q_scale = 1.000000e+00 for display)

  moment                      target     W diag wt
  ────────────────────────────────────────────────
  ur_U                        0.0563    3.0188e+07
  ur_S                        0.0247    4.0821e+07
  skilled_share               0.3766    1.1004e+07
  training_share              0.0462    5.3068e+07
  emp_var_U                   0.3054    9.7879e+04
  emp_cm3_U                  -0.0090    1.3563e+05
  emp_var_S                   0.2662    1.3153e+05
  emp_cm3_S                  -0.0434    1.3686e+05
  jfr_U                       0.2964    1.8786e+05
  sep_rate_U                  0.0133    8.4939e+07
  jfr_S                       0.3170    4.3416e+04
  sep_rate_S                  0.0059    1.1368e+08
  ee_rate_S                   0.0085    9.7813e+06
  mean_wage_U                 6.5349    5.7155e+04
  mean_wage_S                 6.9198    8.0948e+04
  p25_wage_U                  6.1707    2.7064e+04
  p25_wage_S                  6.6004    5.1646e+04
  p50_wage_U                  6.5396    3.5213e+04
  p50_wage_S                  6.9213    5.1563e+04
  p75_wage_U                  6.9159    3.2707e+04
  p75_wage_S                  7.2696    4.4911e+04
  theta_U                     0.8151    1.5400e+05
  theta_S                     1.8369    7.3387e+03
  overlap_UgtS                0.2390    5.8431e+04
  overlap_SltU                0.2061    5.6104e+04
  ltu_share_S                 0.2564    1.2115e+05
  wchg_rate_U                 0.2085    2.0069e+06
  wchg_rate_S                 0.2224    1.1504e+06

╠══════════════════════════════════════════════════════╣
║  Skipped moments ( 3, weight = 0)                   ║
╠══════════════════════════════════════════════════════╣
  moment                      target
  ──────────────────────────────────
  ur_total                    0.0444
  wage_premium                0.3849
  ee_step_S                   0.1090

  Grid: Nx=120  Np_U=120  Np_S=120
  λ_w (wage-reliability calibration knob, σ_w = √((1−λ_w)·Var̂[log w])): 0.7800
  SA:  max_iter=20000  T0=10.00  step=0.20  cooling_rate=1.00  cooling_exp=1.80  reheat_patience=400  reheat_factor=4.00  adapt_window=50  target_fin=0.90
  DE:   max_iter=3000  pop_size=200  f=0.70  cr=0.85  patience=3  avg_tol=1.0e-06
  NM:   max_iter=7000  f_tol=1e-02  x_tol=1e-06  g_tol=0e+00  no_improve=4000
  W:    diagonal-σ — Diagonal(1/σ̂²_samp) (cond(W)=1.55e+04)
  Q scale (display-only divisor): 1.000000e+00
╚══════════════════════════════════════════════════════╝

Starting SMM optimisation...
