============================================================
  RoySearch v15.7 — SMM Estimation
============================================================
Loading packages... done.
Loading solver modules... done.
Loading SMM modules... done.
Threads available: 2

Estimation window: base_fc
  Window definition (windows.json):  Pre-FC baseline  ym = 200301..200712  ASEC 2004..2008
  Calibrated σ_w (λ_w = 0.7800):  σ_wU = 0.25549,  σ_wS = 0.23268
  load_weight_matrix: subsetting to 28 / 31 active moments (skipping: ee_step_S, ur_total, wage_premium)
  cond_target == 0.0 → diagonal-σ W = Diagonal(1/σ̂²_samp) from /Users/ramzi.chariag/Documents/CEU/PhD/Research/Search and matching/code/smm/../../data/derived/sampling_var_base_fc.csv
  q_scale (display-only Q divisor) = 1.000000e+00

Loading externally calibrated parameters (r, ν, φ)...
  Loaded nu = 0.00323 from /Users/ramzi.chariag/Documents/CEU/PhD/Research/Search and matching/code/smm/../../data/derived/nu_estimation.csv  (window=base_fc → uses base_fc row)
  Loaded phi = 0.02222 from /Users/ramzi.chariag/Documents/CEU/PhD/Research/Search and matching/code/smm/../../data/derived/phi_calibration.csv
  Calibrated:  r = 0.004167,  ν = 0.00323,  φ = 0.02222

  INIT_MODE = :warmstart — loading prior parameter values from:
    /Users/ramzi.chariag/Documents/CEU/PhD/Research/Search and matching/code/smm/../../output/smm/smm_result_base_fc_diagonalW.jls
    Prior Q = 1.358117e+03  (converged = true)
    Warm-start: matched 25 / 29 parameters from prior run.

  Baseline mode: all structural + regime params are FREE (29 total)
  Fixed params:  7  |  Free params:  29
  FIX_PARAMS pinned (2): unsk_eta, skl_eta
SMMSpec: fixed override dropped free params: η, η, σ_w, σ_w
SMMSpec: skip_moments zeroed weights for (3): ee_step_S, ur_total, wage_premium

╔══════════════════════════════════════════════════════╗
║  SMM Estimation Specification                        ║
╠══════════════════════════════════════════════════════╣
║  Free parameters (25)                                ║
╠══════════════════════════════════════════════════════╣
  block   name                          lb        ub      init
  ────────────────────────────────────────────────────────
  common  worker type shape a_ℓ     0.1000    8.0000    1.0573
  common  worker type shape b_ℓ     0.0500    4.0000    2.2136
  common  ability correlation ρ_x   -0.9900   -0.1000   -0.9288
  common  training cost coeff c     0.0000   15.0000   12.2082
  common  aggregate production scale A    0.0000   13.0000    5.9510
  unsk    unskilled outside flow b_U    0.0000    2.5000    0.1197
  unsk    training flow b_T         0.0000    7.0000    3.7324
  skl     skilled outside flow b_S    0.0000    2.0000    0.0588
  unsk    unskilled productivity P_U    0.0001    8.0000    5.9675
  skl     skilled productivity P_S    0.0001   20.0000   12.0060
  unsk    unskilled damage shape α_U    0.2000    6.0000    2.3510
  skl     skilled offer shape a_Γ    0.1000   12.0000    1.1357
  skl     skilled offer shape b_Γ    0.1000   10.0000    1.5723
  skl     shock/offer support ratio δ_S    0.0500    1.0000    0.9557
  unsk    unskilled matching eff μ_U    0.0001    2.0000    0.4245
  skl     skilled matching eff μ_S    0.0001    2.0000    0.2447
  unsk    unskilled bargaining β_U    0.0010    0.9000    0.5337
  skl     skilled bargaining β_S    0.0001    0.9000    0.4411
  unsk    unskilled damage rate λ_U    0.0001    0.5500    0.1553
  skl     skilled quality shock λ_S    0.0001    0.5000    0.1343
  unsk    unskilled vacancy cost k_U (months of avg U output)    0.0005   12.0000    2.1983
  skl     skilled vacancy cost k_S (months of avg S output)    0.0005   12.0000    1.6915
  skl     OJS flow cost σ_S         0.0000    1.5000    0.9790
  unsk    unskilled exogenous separation ξ_U    0.0000    0.0200    0.0053
  skl     skilled exogenous separation ξ_S    0.0000    0.0200    0.0044

╠══════════════════════════════════════════════════════╣
║  Fixed parameters (7)                                ║
╠══════════════════════════════════════════════════════╣
  r                    = 0.004167
  ν                    = 0.003230
  φ                    = 0.022221
  unsk_η               = 0.500000
  skl_η                = 0.500000
  unsk_σ_w             = 0.255492
  skl_σ_w              = 0.232678

╠══════════════════════════════════════════════════════╣
║  Active moments (28)                                 ║
╠══════════════════════════════════════════════════════╣
  (Weighting: matrix W — raw deviations g'Wg)
  (Q divided by q_scale = 1.000000e+00 for display)

  moment                      target     W diag wt
  ────────────────────────────────────────────────
  ur_U                        0.0636    3.4815e+07
  ur_S                        0.0260    3.5983e+07
  skilled_share               0.3016    1.4145e+07
  training_share              0.0400    5.0483e+07
  emp_var_U                   0.2967    1.5412e+05
  emp_cm3_U                  -0.0397    2.2108e+05
  emp_var_S                   0.2461    1.5040e+05
  emp_cm3_S                  -0.0572    1.3367e+05
  jfr_U                       0.3025    2.6378e+05
  sep_rate_U                  0.0153    9.4387e+07
  jfr_S                       0.3204    4.2749e+04
  sep_rate_S                  0.0062    1.0149e+08
  ee_rate_S                   0.0080    3.8436e+06
  mean_wage_U                 6.5303    8.6741e+04
  mean_wage_S                 6.9150    9.5054e+04
  p25_wage_U                  6.1765    3.8867e+04
  p25_wage_S                  6.6196    5.4912e+04
  p50_wage_U                  6.5555    5.4868e+04
  p50_wage_S                  6.9364    6.4642e+04
  p75_wage_U                  6.9142    5.4600e+04
  p75_wage_S                  7.2569    5.2563e+04
  theta_U                     0.4587    7.0041e+05
  theta_S                     1.2106    1.6533e+04
  overlap_UgtS                0.2395    7.6775e+04
  overlap_SltU                0.2032    7.5661e+04
  ltu_share_S                 0.2326    1.2593e+05
  wchg_rate_U                 0.1505    5.7700e+05
  wchg_rate_S                 0.1292    8.1773e+04

╠══════════════════════════════════════════════════════╣
║  Skipped moments ( 3, weight = 0)                   ║
╠══════════════════════════════════════════════════════╣
  moment                      target
  ──────────────────────────────────
  ur_total                    0.0523
  wage_premium                0.3847
  ee_step_S                   0.1554

  Grid: Nx=120  Np_U=120  Np_S=120
  λ_w (wage-reliability calibration knob, σ_w = √((1−λ_w)·Var̂[log w])): 0.7800
  SA:  max_iter=20000  T0=10.00  step=0.20  cooling_rate=1.00  cooling_exp=1.80  reheat_patience=400  reheat_factor=4.00  adapt_window=50  target_fin=0.90
  DE:   max_iter=3000  pop_size=200  f=0.70  cr=0.85  patience=3  avg_tol=1.0e-06
  NM:   max_iter=7000  f_tol=1e-02  x_tol=1e-06  g_tol=0e+00  no_improve=4000
  W:    diagonal-σ — Diagonal(1/σ̂²_samp) (cond(W)=6.14e+03)
  Q scale (display-only divisor): 1.000000e+00
╚══════════════════════════════════════════════════════╝

Starting SMM optimisation...
