============================================================
  RoySearch v15.7 — SMM Estimation
============================================================
Loading packages... done.
Loading solver modules... done.
Loading SMM modules... done.
Threads available: 2

Estimation window: crisis_covid
  Window definition (windows.json):  COVID crisis  ym = 202001..202212  ASEC 2021..2023
  Calibrated σ_w (λ_w = 0.7800):  σ_wU = 0.24943,  σ_wS = 0.23429
  load_weight_matrix: subsetting to 28 / 31 active moments (skipping: ee_step_S, ur_total, wage_premium)
  cond_target == 0.0 → diagonal-σ W = Diagonal(1/σ̂²_samp) from /Users/ramzi.chariag/Documents/CEU/PhD/Research/Search and matching/code/smm/../../data/derived/sampling_var_crisis_covid.csv
  q_scale (display-only Q divisor) = 1.000000e+00

Loading externally calibrated parameters (r, ν, φ)...
  Loaded nu = 0.00336 from /Users/ramzi.chariag/Documents/CEU/PhD/Research/Search and matching/code/smm/../../data/derived/nu_estimation.csv  (window=crisis_covid → uses base_covid row)
  Loaded phi = 0.02222 from /Users/ramzi.chariag/Documents/CEU/PhD/Research/Search and matching/code/smm/../../data/derived/phi_calibration.csv
  Calibrated:  r = 0.004167,  ν = 0.00336,  φ = 0.02222

Crisis window detected — loading baseline (base_covid) from:
  /Users/ramzi.chariag/Documents/CEU/PhD/Research/Search and matching/code/smm/../../output/smm/smm_result_base_covid_diagonalW.jls
  Baseline Q = 5.279707e+03  (converged = true)

  Deep structural parameters FIXED from baseline:
    common:  a_ℓ=0.7978  b_ℓ=2.1479  ρ_x=-0.9887
    unsk:    bU=0.1742  bT=4.1523      skl:  bS=0.0023
  Regime-specific parameters FREE (23 params); init from baseline optimum
  Fixed params:  13  |  Free params:  23
  FIX_PARAMS pinned (2): unsk_eta, skl_eta
SMMSpec: fixed override dropped free params: η, η, σ_w, σ_w
SMMSpec: skip_moments zeroed weights for (3): ee_step_S, ur_total, wage_premium

╔══════════════════════════════════════════════════════╗
║  SMM Estimation Specification                        ║
╠══════════════════════════════════════════════════════╣
║  Free parameters (19)                                ║
╠══════════════════════════════════════════════════════╣
  block   name                          lb        ub      init
  ────────────────────────────────────────────────────────
  common  training cost coeff c     0.0000   15.0000   12.0291
  common  aggregate production scale A    0.0000   13.0000    6.1917
  unsk    unskilled productivity P_U    0.0001    8.0000    5.5265
  skl     skilled productivity P_S    0.0001   20.0000   11.1178
  unsk    unskilled damage shape α_U    0.2000    6.0000    1.8536
  skl     skilled offer shape a_Γ    0.1000   12.0000    1.3404
  skl     skilled offer shape b_Γ    0.1000   10.0000    1.7651
  skl     shock/offer support ratio δ_S    0.0500    1.0000    0.9866
  unsk    unskilled matching eff μ_U    0.0001    2.0000    0.3147
  skl     skilled matching eff μ_S    0.0001    2.0000    0.1926
  unsk    unskilled bargaining β_U    0.0010    0.9000    0.4760
  skl     skilled bargaining β_S    0.0001    0.9000    0.5191
  unsk    unskilled damage rate λ_U    0.0001    0.5500    0.2141
  skl     skilled quality shock λ_S    0.0001    0.5000    0.2220
  unsk    unskilled vacancy cost k_U (months of avg U output)    0.0005   12.0000    1.4770
  skl     skilled vacancy cost k_S (months of avg S output)    0.0005   12.0000    0.8457
  skl     OJS flow cost σ_S         0.0000    1.5000    1.1546
  unsk    unskilled exogenous separation ξ_U    0.0000    0.0200    0.0085
  skl     skilled exogenous separation ξ_S    0.0000    0.0200    0.0037

╠══════════════════════════════════════════════════════╣
║  Fixed parameters (13)                                ║
╠══════════════════════════════════════════════════════╣
  r                    = 0.004167
  ν                    = 0.003357
  φ                    = 0.022221
  a_ℓ                  = 0.797817
  b_ℓ                  = 2.147943
  ρ_x                  = -0.988661
  bS                   = 0.002346
  bT                   = 4.152277
  bU                   = 0.174236
  unsk_η               = 0.500000
  skl_η                = 0.500000
  unsk_σ_w             = 0.249431
  skl_σ_w              = 0.234285

╠══════════════════════════════════════════════════════╣
║  Active moments (28)                                 ║
╠══════════════════════════════════════════════════════╣
  (Weighting: matrix W — raw deviations g'Wg)
  (Q divided by q_scale = 1.000000e+00 for display)

  moment                      target     W diag wt
  ────────────────────────────────────────────────
  ur_U                        0.0757    1.0508e+07
  ur_S                        0.0371    1.4459e+07
  skilled_share               0.4110    5.1429e+06
  training_share              0.0461    2.4341e+07
  emp_var_U                   0.2828    3.4904e+04
  emp_cm3_U                   0.0008    4.6615e+04
  emp_var_S                   0.2495    5.5374e+04
  emp_cm3_S                  -0.0288    6.1631e+04
  jfr_U                       0.3144    9.6650e+04
  sep_rate_U                  0.0212    2.2797e+07
  jfr_S                       0.3197    3.1916e+04
  sep_rate_S                  0.0104    3.2763e+07
  ee_rate_S                   0.0092    3.3596e+05
  mean_wage_U                 6.5942    2.0057e+04
  mean_wage_S                 6.9630    3.2606e+04
  p25_wage_U                  6.2247    1.0024e+04
  p25_wage_S                  6.6590    2.0552e+04
  p50_wage_U                  6.6155    1.2263e+04
  p50_wage_S                  6.9606    2.1219e+04
  p75_wage_U                  6.9402    1.2626e+04
  p75_wage_S                  7.2930    1.7786e+04
  theta_U                     1.0512    5.7510e+04
  theta_S                     2.3208    3.6728e+03
  overlap_UgtS                0.2335    1.9954e+04
  overlap_SltU                0.2204    1.8573e+04
  ltu_share_S                 0.3130    8.2875e+04
  wchg_rate_U                 0.2368    7.3874e+05
  wchg_rate_S                 0.2393    6.0439e+05

╠══════════════════════════════════════════════════════╣
║  Skipped moments ( 3, weight = 0)                   ║
╠══════════════════════════════════════════════════════╣
  moment                      target
  ──────────────────────────────────
  ur_total                    0.0598
  wage_premium                0.3688
  ee_step_S                   0.1170

  Grid: Nx=120  Np_U=120  Np_S=120
  λ_w (wage-reliability calibration knob, σ_w = √((1−λ_w)·Var̂[log w])): 0.7800
  SA:  max_iter=20000  T0=10.00  step=0.20  cooling_rate=1.00  cooling_exp=1.80  reheat_patience=400  reheat_factor=4.00  adapt_window=50  target_fin=0.90
  DE:   max_iter=3000  pop_size=200  f=0.70  cr=0.85  patience=3  avg_tol=1.0e-06
  NM:   max_iter=7000  f_tol=1e-02  x_tol=1e-06  g_tol=0e+00  no_improve=4000
  W:    diagonal-σ — Diagonal(1/σ̂²_samp) (cond(W)=8.92e+03)
  Q scale (display-only divisor): 1.000000e+00
╚══════════════════════════════════════════════════════╝

Starting SMM optimisation...
